<html>
<body>
<pre>
<h1>µVision Build Log</h1>
<h2>Tool Versions:</h2>
IDE-Version: µVision V5.17.0.0
Copyright (C) 2015 ARM Ltd and ARM Germany GmbH. All rights reserved.
License Information: Sang Nguyen, 1, LIC=HN0AE-5PS8W-HLACL-0J5AA-1BVKJ-AGE62
 
Tool Versions:
Toolchain:       MDK-ARM Standard  Version: 5.17
Toolchain Path:  C:\Keil_v5\ARM\ARMCC\Bin
C Compiler:      Armcc.exe V5.06 update 1 (build 61)
Assembler:       Armasm.exe V5.06 update 1 (build 61)
Linker/Locator:  ArmLink.exe V5.06 update 1 (build 61)
Library Manager: ArmAr.exe V5.06 update 1 (build 61)
Hex Converter:   FromElf.exe V5.06 update 1 (build 61)
CPU DLL:         SARMCM3.DLL V5.17
Dialog DLL:      DCM.DLL V1.13.4.0
Target DLL:      STLink\ST-LINKIII-KEIL_SWO.dll V2.0.18.0
Dialog DLL:      TCM.DLL V1.14.6.0
 
<h2>Project:</h2>
E:\ASD\BTL_DLDKMT\MDK-ARM\BTL_DLDKMT.uvprojx
Project File Date:  05/05/2024

<h2>Output:</h2>
*** Using Compiler 'V5.06 update 1 (build 61)', folder: 'C:\Keil_v5\ARM\ARMCC\Bin'
Build target 'SS'
compiling delay_timer.c...
compiling max7219.c...
..\New Group\max7219.c(227): warning:  #188-D: enumerated type mixed with another type
  		max7219_PrintDigit(position + 1, ((int32_t) value) % 10, 
rue);
..\New Group\max7219.c(227): warning:  #188-D: enumerated type mixed with another type
  		max7219_PrintDigit(position + 1, ((int32_t) value) % 10, 
rue);
..\New Group\max7219.c: 2 warnings, 0 errors
compiling stm32f1xx_it.c...
compiling stm32f1xx_hal_msp.c...
compiling main.c...
../Core/Src/main.c(287): warning:  #188-D: enumerated type mixed with another type
  				  HAL_GPIO_WritePin(
PIOC,
PIO_PIN_13,0);
../Core/Src/main.c(304): warning:  #188-D: enumerated type mixed with another type
  				  HAL_GPIO_WritePin(
PIOC,
PIO_PIN_13,1);
../Core/Src/main.c: 2 warnings, 0 errors
linking...
Program Size: Code=14382 RO-data=294 RW-data=68 ZI-data=1412  
FromELF: creating hex file...
"SS\SS.axf" - 0 Error(s), 4 Warning(s).

<h2>Software Packages used:</h2>

Package Vendor: ARM
                http://www.keil.com/pack/ARM.CMSIS.4.5.0.pack
                ARM::CMSIS:CORE:4.3.0
                CMSIS (Cortex Microcontroller Software Interface Standard)
   * Component: CORE Version: 4.3.0

<h2>Collection of Component include folders:</h2>
  E:\ASD\BTL_DLDKMT\MDK-ARM\RTE
  C:\Keil_v5\ARM\PACK\ARM\CMSIS\4.5.0\CMSIS\Include
  C:\Keil_v5\ARM\PACK\Keil\STM32F1xx_DFP\2.4.1\Device\Include

<h2>Collection of Component Files used:</h2>

   * Component: ARM::CMSIS:CORE:4.3.0
Build Time Elapsed:  00:00:02
</pre>
</body>
</html>
